// Jest Snapshot v1, https://goo.gl/fbAQLP

exports[`Loading should render properly 1`] = `
<div
  class="pointer-events-none"
  style="opacity: 0; transition: opacity 200ms linear;"
>
  <div
    class="bg-violet-700 h-1 w-full top-0 left-0 fixed z-50"
    style="margin-left: -100%; transition: margin-left 200ms linear;"
  />
</div>
`;
